../../../Drivers/STM32N6xx_HAL_Driver/Inc/stm32n6xx_ll_bus.h:1165:22:LL_AHB3_GRP1_EnableClock	24	static
../../../Drivers/STM32N6xx_HAL_Driver/Inc/stm32n6xx_ll_bus.h:1407:22:LL_AHB4_GRP1_EnableClock	24	static
/Users/albert/Cours/S-6/Projet_IA_2.0/Nx_TCP_Echo_Client/FSBL/Core/Src/main.c:111:5:main	24	static,ignoring_inline_asm
/Users/albert/Cours/S-6/Projet_IA_2.0/Nx_TCP_Echo_Client/FSBL/Core/Src/main.c:181:6:SystemClock_Config	624	static
/Users/albert/Cours/S-6/Projet_IA_2.0/Nx_TCP_Echo_Client/FSBL/Core/Src/main.c:299:13:MX_CACHEAXI_Init	8	static
/Users/albert/Cours/S-6/Projet_IA_2.0/Nx_TCP_Echo_Client/FSBL/Core/Src/main.c:325:13:MX_ETH1_Init	16	static
/Users/albert/Cours/S-6/Projet_IA_2.0/Nx_TCP_Echo_Client/FSBL/Core/Src/main.c:377:13:MX_I2C1_Init	8	static
/Users/albert/Cours/S-6/Projet_IA_2.0/Nx_TCP_Echo_Client/FSBL/Core/Src/main.c:425:15:SystemIsolation_Config	16	static
/Users/albert/Cours/S-6/Projet_IA_2.0/Nx_TCP_Echo_Client/FSBL/Core/Src/main.c:478:13:MX_USART1_UART_Init	8	static
/Users/albert/Cours/S-6/Projet_IA_2.0/Nx_TCP_Echo_Client/FSBL/Core/Src/main.c:526:13:MX_GPIO_Init	32	static
/Users/albert/Cours/S-6/Projet_IA_2.0/Nx_TCP_Echo_Client/FSBL/Core/Src/main.c:561:5:_write	24	static
/Users/albert/Cours/S-6/Projet_IA_2.0/Nx_TCP_Echo_Client/FSBL/Core/Src/main.c:574:1:__io_putchar	16	static
/Users/albert/Cours/S-6/Projet_IA_2.0/Nx_TCP_Echo_Client/FSBL/Core/Src/main.c:583:6:Success_Handler	8	static
/Users/albert/Cours/S-6/Projet_IA_2.0/Nx_TCP_Echo_Client/FSBL/Core/Src/main.c:596:6:MPU_Config	40	static,ignoring_inline_asm
/Users/albert/Cours/S-6/Projet_IA_2.0/Nx_TCP_Echo_Client/FSBL/Core/Src/main.c:663:6:HAL_TIM_PeriodElapsedCallback	16	static
/Users/albert/Cours/S-6/Projet_IA_2.0/Nx_TCP_Echo_Client/FSBL/Core/Src/main.c:681:6:Error_Handler	4	static,ignoring_inline_asm
