../../../Drivers/STM32N6xx_HAL_Driver/Inc/stm32n6xx_ll_bus.h:1165:22:LL_AHB3_GRP1_EnableClock	1
../../../Drivers/STM32N6xx_HAL_Driver/Inc/stm32n6xx_ll_bus.h:1407:22:LL_AHB4_GRP1_EnableClock	1
/Users/albert/Cours/S-6/Projet_IA_2.0/Nx_TCP_Echo_Client/FSBL/Core/Src/main.c:111:5:main	5
/Users/albert/Cours/S-6/Projet_IA_2.0/Nx_TCP_Echo_Client/FSBL/Core/Src/main.c:181:6:SystemClock_Config	10
/Users/albert/Cours/S-6/Projet_IA_2.0/Nx_TCP_Echo_Client/FSBL/Core/Src/main.c:299:13:MX_CACHEAXI_Init	2
/Users/albert/Cours/S-6/Projet_IA_2.0/Nx_TCP_Echo_Client/FSBL/Core/Src/main.c:325:13:MX_ETH1_Init	3
/Users/albert/Cours/S-6/Projet_IA_2.0/Nx_TCP_Echo_Client/FSBL/Core/Src/main.c:377:13:MX_I2C1_Init	4
/Users/albert/Cours/S-6/Projet_IA_2.0/Nx_TCP_Echo_Client/FSBL/Core/Src/main.c:425:15:SystemIsolation_Config	1
/Users/albert/Cours/S-6/Projet_IA_2.0/Nx_TCP_Echo_Client/FSBL/Core/Src/main.c:478:13:MX_USART1_UART_Init	5
/Users/albert/Cours/S-6/Projet_IA_2.0/Nx_TCP_Echo_Client/FSBL/Core/Src/main.c:526:13:MX_GPIO_Init	1
/Users/albert/Cours/S-6/Projet_IA_2.0/Nx_TCP_Echo_Client/FSBL/Core/Src/main.c:561:5:_write	2
/Users/albert/Cours/S-6/Projet_IA_2.0/Nx_TCP_Echo_Client/FSBL/Core/Src/main.c:574:1:__io_putchar	1
/Users/albert/Cours/S-6/Projet_IA_2.0/Nx_TCP_Echo_Client/FSBL/Core/Src/main.c:583:6:Success_Handler	1
/Users/albert/Cours/S-6/Projet_IA_2.0/Nx_TCP_Echo_Client/FSBL/Core/Src/main.c:596:6:MPU_Config	1
/Users/albert/Cours/S-6/Projet_IA_2.0/Nx_TCP_Echo_Client/FSBL/Core/Src/main.c:663:6:HAL_TIM_PeriodElapsedCallback	2
/Users/albert/Cours/S-6/Projet_IA_2.0/Nx_TCP_Echo_Client/FSBL/Core/Src/main.c:681:6:Error_Handler	1
