Archive member included to satisfy reference by file (symbol)

/Applications/STM32CubeIDE.app/Contents/Eclipse/plugins/com.st.stm32cube.ide.mcu.externaltools.gnu-tools-for-stm32.14.3.rel1.macosaarch64_1.0.0.202602081740/tools/bin/../lib/gcc/arm-none-eabi/14.3.1/../../../../arm-none-eabi/lib/thumb/v8-m.main+dp/hard/libc_nano.a(libc_a-exit.o)
                              /Applications/STM32CubeIDE.app/Contents/Eclipse/plugins/com.st.stm32cube.ide.mcu.externaltools.gnu-tools-for-stm32.14.3.rel1.macosaarch64_1.0.0.202602081740/tools/bin/../lib/gcc/arm-none-eabi/14.3.1/../../../../arm-none-eabi/lib/thumb/v8-m.main+dp/hard/crt0.o (exit)
/Applications/STM32CubeIDE.app/Contents/Eclipse/plugins/com.st.stm32cube.ide.mcu.externaltools.gnu-tools-for-stm32.14.3.rel1.macosaarch64_1.0.0.202602081740/tools/bin/../lib/gcc/arm-none-eabi/14.3.1/../../../../arm-none-eabi/lib/thumb/v8-m.main+dp/hard/libc_nano.a(libc_a-findfp.o)
                              /Applications/STM32CubeIDE.app/Contents/Eclipse/plugins/com.st.stm32cube.ide.mcu.externaltools.gnu-tools-for-stm32.14.3.rel1.macosaarch64_1.0.0.202602081740/tools/bin/../lib/gcc/arm-none-eabi/14.3.1/../../../../arm-none-eabi/lib/thumb/v8-m.main+dp/hard/libc_nano.a(libc_a-exit.o) (__stdio_exit_handler)
/Applications/STM32CubeIDE.app/Contents/Eclipse/plugins/com.st.stm32cube.ide.mcu.externaltools.gnu-tools-for-stm32.14.3.rel1.macosaarch64_1.0.0.202602081740/tools/bin/../lib/gcc/arm-none-eabi/14.3.1/../../../../arm-none-eabi/lib/thumb/v8-m.main+dp/hard/libc_nano.a(libc_a-fwalk.o)
                              /Applications/STM32CubeIDE.app/Contents/Eclipse/plugins/com.st.stm32cube.ide.mcu.externaltools.gnu-tools-for-stm32.14.3.rel1.macosaarch64_1.0.0.202602081740/tools/bin/../lib/gcc/arm-none-eabi/14.3.1/../../../../arm-none-eabi/lib/thumb/v8-m.main+dp/hard/libc_nano.a(libc_a-findfp.o) (_fwalk_sglue)
/Applications/STM32CubeIDE.app/Contents/Eclipse/plugins/com.st.stm32cube.ide.mcu.externaltools.gnu-tools-for-stm32.14.3.rel1.macosaarch64_1.0.0.202602081740/tools/bin/../lib/gcc/arm-none-eabi/14.3.1/../../../../arm-none-eabi/lib/thumb/v8-m.main+dp/hard/libc_nano.a(libc_a-memset.o)
                              /Applications/STM32CubeIDE.app/Contents/Eclipse/plugins/com.st.stm32cube.ide.mcu.externaltools.gnu-tools-for-stm32.14.3.rel1.macosaarch64_1.0.0.202602081740/tools/bin/../lib/gcc/arm-none-eabi/14.3.1/../../../../arm-none-eabi/lib/thumb/v8-m.main+dp/hard/crt0.o (memset)
/Applications/STM32CubeIDE.app/Contents/Eclipse/plugins/com.st.stm32cube.ide.mcu.externaltools.gnu-tools-for-stm32.14.3.rel1.macosaarch64_1.0.0.202602081740/tools/bin/../lib/gcc/arm-none-eabi/14.3.1/../../../../arm-none-eabi/lib/thumb/v8-m.main+dp/hard/libc_nano.a(libc_a-errno.o)
                              ./Core/Src/syscalls.o (__errno)
/Applications/STM32CubeIDE.app/Contents/Eclipse/plugins/com.st.stm32cube.ide.mcu.externaltools.gnu-tools-for-stm32.14.3.rel1.macosaarch64_1.0.0.202602081740/tools/bin/../lib/gcc/arm-none-eabi/14.3.1/../../../../arm-none-eabi/lib/thumb/v8-m.main+dp/hard/libc_nano.a(libc_a-init.o)
                              /Applications/STM32CubeIDE.app/Contents/Eclipse/plugins/com.st.stm32cube.ide.mcu.externaltools.gnu-tools-for-stm32.14.3.rel1.macosaarch64_1.0.0.202602081740/tools/bin/../lib/gcc/arm-none-eabi/14.3.1/../../../../arm-none-eabi/lib/thumb/v8-m.main+dp/hard/crt0.o (__libc_init_array)
/Applications/STM32CubeIDE.app/Contents/Eclipse/plugins/com.st.stm32cube.ide.mcu.externaltools.gnu-tools-for-stm32.14.3.rel1.macosaarch64_1.0.0.202602081740/tools/bin/../lib/gcc/arm-none-eabi/14.3.1/../../../../arm-none-eabi/lib/thumb/v8-m.main+dp/hard/libc_nano.a(libc_a-lock.o)
                              /Applications/STM32CubeIDE.app/Contents/Eclipse/plugins/com.st.stm32cube.ide.mcu.externaltools.gnu-tools-for-stm32.14.3.rel1.macosaarch64_1.0.0.202602081740/tools/bin/../lib/gcc/arm-none-eabi/14.3.1/../../../../arm-none-eabi/lib/thumb/v8-m.main+dp/hard/libc_nano.a(libc_a-findfp.o) (__retarget_lock_init_recursive)
/Applications/STM32CubeIDE.app/Contents/Eclipse/plugins/com.st.stm32cube.ide.mcu.externaltools.gnu-tools-for-stm32.14.3.rel1.macosaarch64_1.0.0.202602081740/tools/bin/../lib/gcc/arm-none-eabi/14.3.1/../../../../arm-none-eabi/lib/thumb/v8-m.main+dp/hard/libc_nano.a(libc_a-impure.o)
                              /Applications/STM32CubeIDE.app/Contents/Eclipse/plugins/com.st.stm32cube.ide.mcu.externaltools.gnu-tools-for-stm32.14.3.rel1.macosaarch64_1.0.0.202602081740/tools/bin/../lib/gcc/arm-none-eabi/14.3.1/../../../../arm-none-eabi/lib/thumb/v8-m.main+dp/hard/libc_nano.a(libc_a-errno.o) (_impure_ptr)
/Applications/STM32CubeIDE.app/Contents/Eclipse/plugins/com.st.stm32cube.ide.mcu.externaltools.gnu-tools-for-stm32.14.3.rel1.macosaarch64_1.0.0.202602081740/tools/bin/../lib/gcc/arm-none-eabi/14.3.1/../../../../arm-none-eabi/lib/thumb/v8-m.main+dp/hard/libc_nano.a(libc_a-mallocr.o)
[...]
Memory Configuration

Name             Origin             Length             Attributes
ROM              0x24100400         0x0007fc00         xrw
RAM              0x24180000         0x00080000         xrw
*default*        0x00000000         0xffffffff

Linker script and memory map

LOAD /Applications/STM32CubeIDE.app/Contents/Eclipse/plugins/com.st.stm32cube.ide.mcu.externaltools.gnu-tools-for-stm32.14.3.rel1.macosaarch64_1.0.0.202602081740/tools/bin/../lib/gcc/arm-none-eabi/14.3.1/thumb/v8-m.main+dp/hard/crti.o
LOAD /Applications/STM32CubeIDE.app/Contents/Eclipse/plugins/com.st.stm32cube.ide.mcu.externaltools.gnu-tools-for-stm32.14.3.rel1.macosaarch64_1.0.0.202602081740/tools/bin/../lib/gcc/arm-none-eabi/14.3.1/thumb/v8-m.main+dp/hard/crtbegin.o
LOAD /Applications/STM32CubeIDE.app/Contents/Eclipse/plugins/com.st.stm32cube.ide.mcu.externaltools.gnu-tools-for-stm32.14.3.rel1.macosaarch64_1.0.0.202602081740/tools/bin/../lib/gcc/arm-none-eabi/14.3.1/../../../../arm-none-eabi/lib/thumb/v8-m.main+dp/hard/crt0.o
LOAD ./Core/Src/main.o
LOAD ./Core/Src/stm32n6xx_hal_msp.o
LOAD ./Core/Src/stm32n6xx_it.o
LOAD ./Core/Src/syscalls.o
LOAD ./Core/Src/sysmem.o
LOAD ./Core/Src/system_stm32n6xx_ns.o
LOAD ./Core/Startup/startup_stm32n657x0hxq.o
LOAD ./Drivers/STM32N6xx_HAL_Driver/stm32n6xx_hal.o
LOAD ./Drivers/STM32N6xx_HAL_Driver/stm32n6xx_hal_cortex.o
LOAD ./Drivers/STM32N6xx_HAL_Driver/stm32n6xx_hal_dma.o
LOAD ./Drivers/STM32N6xx_HAL_Driver/stm32n6xx_hal_dma_ex.o
LOAD ./Drivers/STM32N6xx_HAL_Driver/stm32n6xx_hal_eth.o
LOAD ./Drivers/STM32N6xx_HAL_Driver/stm32n6xx_hal_eth_ex.o
LOAD ./Drivers/STM32N6xx_HAL_Driver/stm32n6xx_hal_exti.o
LOAD ./Drivers/STM32N6xx_HAL_Driver/stm32n6xx_hal_gpio.o
LOAD ./Drivers/STM32N6xx_HAL_Driver/stm32n6xx_hal_pwr.o
LOAD ./Drivers/STM32N6xx_HAL_Driver/stm32n6xx_hal_pwr_ex.o
LOAD ./Drivers/STM32N6xx_HAL_Driver/stm32n6xx_hal_rcc.o
LOAD ./Drivers/STM32N6xx_HAL_Driver/stm32n6xx_hal_rcc_ex.o
LOAD ./Drivers/STM32N6xx_HAL_Driver/stm32n6xx_hal_tim.o
LOAD ./Drivers/STM32N6xx_HAL_Driver/stm32n6xx_hal_tim_ex.o
LOAD /Users/albert/Cours/S-6/ETRS606_SPI/TP3/ETRS_606_ETH/AppliSecure/Debug/secure_nsclib.o
START GROUP
LOAD /Applications/STM32CubeIDE.app/Contents/Eclipse/plugins/com.st.stm32cube.ide.mcu.externaltools.gnu-tools-for-stm32.14.3.rel1.macosaarch64_1.0.0.202602081740/tools/bin/../lib/gcc/arm-none-eabi/14.3.1/../../../../arm-none-eabi/lib/thumb/v8-m.main+dp/hard/libc_nano.a
LOAD /Applications/STM32CubeIDE.app/Contents/Eclipse/plugins/com.st.stm32cube.ide.mcu.externaltools.gnu-tools-for-stm32.14.3.rel1.macosaarch64_1.0.0.202602081740/tools/bin/../lib/gcc/arm-none-eabi/14.3.1/../../../../arm-none-eabi/lib/thumb/v8-m.main+dp/hard/libm.a
END GROUP
START GROUP
LOAD /Applications/STM32CubeIDE.app/Contents/Eclipse/plugins/com.st.stm32cube.ide.mcu.externaltools.gnu-tools-for-stm32.14.3.rel1.macosaarch64_1.0.0.202602081740/tools/bin/../lib/gcc/arm-none-eabi/14.3.1/thumb/v8-m.main+dp/hard/libgcc.a
LOAD /Applications/STM32CubeIDE.app/Contents/Eclipse/plugins/com.st.stm32cube.ide.mcu.externaltools.gnu-tools-for-stm32.14.3.rel1.macosaarch64_1.0.0.202602081740/tools/bin/../lib/gcc/arm-none-eabi/14.3.1/../../../../arm-none-eabi/lib/thumb/v8-m.main+dp/hard/libc_nano.a
END GROUP
START GROUP
LOAD /Applications/STM32CubeIDE.app/Contents/Eclipse/plugins/com.st.stm32cube.ide.mcu.externaltools.gnu-tools-for-stm32.14.3.rel1.macosaarch64_1.0.0.202602081740/tools/bin/../lib/gcc/arm-none-eabi/14.3.1/thumb/v8-m.main+dp/hard/libgcc.a
LOAD /Applications/STM32CubeIDE.app/Contents/Eclipse/plugins/com.st.stm32cube.ide.mcu.externaltools.gnu-tools-for-stm32.14.3.rel1.macosaarch64_1.0.0.202602081740/tools/bin/../lib/gcc/arm-none-eabi/14.3.1/../../../../arm-none-eabi/lib/thumb/v8-m.main+dp/hard/libc_nano.a
LOAD /Applications/STM32CubeIDE.app/Contents/Eclipse/plugins/com.st.stm32cube.ide.mcu.externaltools.gnu-tools-for-stm32.14.3.rel1.macosaarch64_1.0.0.202602081740/tools/bin/../lib/gcc/arm-none-eabi/14.3.1/../../../../arm-none-eabi/lib/thumb/v8-m.main+dp/hard/libnosys.a
END GROUP
START GROUP
LOAD /Applications/STM32CubeIDE.app/Contents/Eclipse/plugins/com.st.stm32cube.ide.mcu.externaltools.gnu-tools-for-stm32.14.3.rel1.macosaarch64_1.0.0.202602081740/tools/bin/../lib/gcc/arm-none-eabi/14.3.1/thumb/v8-m.main+dp/hard/libgcc.a
LOAD /Applications/STM32CubeIDE.app/Contents/Eclipse/plugins/com.st.stm32cube.ide.mcu.externaltools.gnu-tools-for-stm32.14.3.rel1.macosaarch64_1.0.0.202602081740/tools/bin/../lib/gcc/arm-none-eabi/14.3.1/../../../../arm-none-eabi/lib/thumb/v8-m.main+dp/hard/libc_nano.a
LOAD /Applications/STM32CubeIDE.app/Contents/Eclipse/plugins/com.st.stm32cube.ide.mcu.externaltools.gnu-tools-for-stm32.14.3.rel1.macosaarch64_1.0.0.202602081740/tools/bin/../lib/gcc/arm-none-eabi/14.3.1/../../../../arm-none-eabi/lib/thumb/v8-m.main+dp/hard/libnosys.a
END GROUP
LOAD /Applications/STM32CubeIDE.app/Contents/Eclipse/plugins/com.st.stm32cube.ide.mcu.externaltools.gnu-tools-for-stm32.14.3.rel1.macosaarch64_1.0.0.202602081740/tools/bin/../lib/gcc/arm-none-eabi/14.3.1/thumb/v8-m.main+dp/hard/crtend.o
LOAD /Applications/STM32CubeIDE.app/Contents/Eclipse/plugins/com.st.stm32cube.ide.mcu.externaltools.gnu-tools-for-stm32.14.3.rel1.macosaarch64_1.0.0.202602081740/tools/bin/../lib/gcc/arm-none-eabi/14.3.1/thumb/v8-m.main+dp/hard/crtn.o
                0x24200000                        _estack = (ORIGIN (RAM) + LENGTH (RAM))
                0x241ff800                        _sstack = (_estack - _Min_Stack_Size)
                0x00000200                        _Min_Heap_Size = 0x200
                0x00000800                        _Min_Stack_Size = 0x800

.isr_vector     0x24100400      0x34c
                0x24100400                        . = ALIGN (0x4)
 *(.isr_vector)
 .isr_vector    0x24100400      0x34c ./Core/Startup/startup_stm32n657x0hxq.o
                0x24100400                g_pfnVectors
                0x2410074c                        . = ALIGN (0x4)

.text           0x24100750     0x5468
                0x24100750                        . = ALIGN (0x4)
 *(.text)
 .text          0x24100750       0x40 /Applications/STM32CubeIDE.app/Contents/Eclipse/plugins/com.st.stm32cube.ide.mcu.externaltools.gnu-tools-for-stm32.14.3.rel1.macosaarch64_1.0.0.202602081740/tools/bin/../lib/gcc/arm-none-eabi/14.3.1/thumb/v8-m.main+dp/hard/crtbegin.o
 *(.text*)
 .text.LL_AHB4_GRP1_EnableClock
                0x24100790       0x2c ./Core/Src/main.o
 .text.main     0x241007bc       0x14 ./Core/Src/main.o
                0x241007bc                main
 .text.MX_ETH1_Init
                0x241007d0       0xd8 ./Core/Src/main.o
 .text.MX_GPIO_Init
                0x241008a8       0x14 ./Core/Src/main.o
 .text.Error_Handler
                0x241008bc        0xc ./Core/Src/main.o
                0x241008bc                Error_Handler
 .text.LL_AHB4_GRP1_EnableClock
                0x241008c8       0x2c ./Core/Src/stm32n6xx_hal_msp.o
 .text.LL_AHB5_GRP1_EnableClock
                0x241008f4       0x2c ./Core/Src/stm32n6xx_hal_msp.o
 .text.HAL_MspInit
                0x24100920       0x14 ./Core/Src/stm32n6xx_hal_msp.o
                0x24100920                HAL_MspInit
 .text.HAL_ETH_MspInit
                0x24100934      0x128 ./Core/Src/stm32n6xx_hal_msp.o
                0x24100934                HAL_ETH_MspInit
 .text.MemManage_Handler
                0x24100a5c        0x8 ./Core/Src/stm32n6xx_it.o
                0x24100a5c                MemManage_Handler
 .text.UsageFault_Handler
                0x24100a64        0x8 ./Core/Src/stm32n6xx_it.o
                0x24100a64                UsageFault_Handler
 .text.SecureFault_Handler
                0x24100a6c        0x8 ./Core/Src/stm32n6xx_it.o
                0x24100a6c                SecureFault_Handler
 .text.SVC_Handler
                0x24100a74        0xe ./Core/Src/stm32n6xx_it.o
                0x24100a74                SVC_Handler
 .text.PendSV_Handler
                0x24100a82        0xe ./Core/Src/stm32n6xx_it.o
                0x24100a82                PendSV_Handler
 .text.SysTick_Handler
                0x24100a90        0xc ./Core/Src/stm32n6xx_it.o
                0x24100a90                SysTick_Handler
 .text.ETH1_IRQHandler
                0x24100a9c       0x14 ./Core/Src/stm32n6xx_it.o
                0x24100a9c                ETH1_IRQHandler
 .text.SystemInit
                0x24100ab0       0x1c ./Core/Src/system_stm32n6xx_ns.o
                0x24100ab0                SystemInit
 .text.SystemCoreClockUpdate
                0x24100acc       0x18 ./Core/Src/system_stm32n6xx_ns.o
                0x24100acc                SystemCoreClockUpdate
 .text.Reset_Handler
                0x24100ae4       0x5c ./Core/Startup/startup_stm32n657x0hxq.o
                0x24100ae4                Reset_Handler
 .text.Default_Handler
                0x24100b40        0x2 ./Core/Startup/startup_stm32n657x0hxq.o
                0x24100b40                HASH_IRQHandler
                0x24100b40                EXTI2_IRQHandler
                0x24100b40                MCE2_IRQHandler
                0x24100b40                TIM8_CC_IRQHandler
                0x24100b40                USB2_OTG_HS_IRQHandler
                0x24100b40                SAI1_A_IRQHandler
                0x24100b40                EXTI5_IRQHandler
                0x24100b40                I3C1_ER_IRQHandler
                0x24100b40                DebugMon_Handler
                0x24100b40                UART8_IRQHandler
                0x24100b40                CTI_INT0_IRQHandler
                0x24100b40                SPI4_IRQHandler
                0x24100b40                LTDC_LO_IRQHandler
                0x24100b40                NPU2_IRQHandler
                0x24100b40                FDCAN3_IT0_IRQHandler
                0x24100b40                EXTI13_IRQHandler
                0x24100b40                TIM1_CC_IRQHandler
                0x24100b40                XSPI1_IRQHandler
                0x24100b40                HardFault_Handler
                0x24100b40                TIM10_IRQHandler
                0x24100b40                JPEG_IRQHandler
                0x24100b40                TAMP_IRQHandler
                0x24100b40                CACHE_ECC_IRQHandler
                0x24100b40                TIM6_IRQHandler
                0x24100b40                CSI_IRQHandler
                0x24100b40                EXTI12_IRQHandler
                0x24100b40                GFXTIM_IRQHandler
                0x24100b40                NMI_Handler
                0x24100b40                EXTI3_IRQHandler
                0x24100b40                LPTIM4_IRQHandler
                0x24100b40                GPDMA1_Channel5_IRQHandler
                0x24100b40                EXTI8_IRQHandler
                0x24100b40                LPTIM2_IRQHandler
                0x24100b40                GFXMMU_IRQHandler
                0x24100b40                LTDC_LO_ERR_IRQHandler
                0x24100b40                I2C3_ER_IRQHandler
                0x24100b40                RIFSC_TAMPER_IRQHandler
                0x24100b40                USART10_IRQHandler
                0x24100b40                MDF1_FLT2_IRQHandler
                0x24100b40                LPTIM3_IRQHandler
                0x24100b40                SAI2_A_IRQHandler
                0x24100b40                EXTI0_IRQHandler
                0x24100b40                HPDMA1_Channel9_IRQHandler
                0x24100b40                I2C2_EV_IRQHandler
                0x24100b40                GPU2D_IRQHandler
                0x24100b40                FPU_IRQHandler
                0x24100b40                GPDMA1_Channel3_IRQHandler
                0x24100b40                GPDMA1_Channel7_IRQHandler
                0x24100b40                MDF1_FLT4_IRQHandler
                0x24100b40                FDCAN1_IT1_IRQHandler
                0x24100b40                HPDMA1_Channel3_IRQHandler
                0x24100b40                ADC1_2_IRQHandler
                0x24100b40                GPDMA1_Channel9_IRQHandler
                0x24100b40                SPI1_IRQHandler
                0x24100b40                CACHEAXI_IRQHandler
                0x24100b40                SAI1_B_IRQHandler
                0x24100b40                GPDMA1_Channel2_IRQHandler
                0x24100b40                PAHB_ERR_IRQHandler
                0x24100b40                TIM8_UP_IRQHandler
                0x24100b40                RCC_S_IRQHandler
                0x24100b40                MDF1_FLT1_IRQHandler
                0x24100b40                LTDC_UP_IRQHandler
                0x24100b40                LOCKUP_IRQHandler
                0x24100b40                PKA_IRQHandler
                0x24100b40                USART6_IRQHandler
                0x24100b40                HPDMA1_Channel2_IRQHandler
                0x24100b40                MDF1_FLT5_IRQHandler
                0x24100b40                MCE4_IRQHandler
                0x24100b40                I3C2_ER_IRQHandler
                0x24100b40                EXTI15_IRQHandler
                0x24100b40                TIM17_IRQHandler
                0x24100b40                USART3_IRQHandler
                0x24100b40                HPDMA1_Channel6_IRQHandler
                0x24100b40                CRYP_IRQHandler
                0x24100b40                RTC_IRQHandler
                0x24100b40                XSPI2_IRQHandler
                0x24100b40                EXTI9_IRQHandler
                0x24100b40                IAC_IRQHandler
                0x24100b40                HPDMA1_Channel0_IRQHandler
                0x24100b40                LPTIM5_IRQHandler
                0x24100b40                HPDMA1_Channel1_IRQHandler
                0x24100b40                UART5_IRQHandler
                0x24100b40                TIM4_IRQHandler
                0x24100b40                NPU3_IRQHandler
                0x24100b40                I3C2_EV_IRQHandler
                0x24100b40                I2C1_EV_IRQHandler
                0x24100b40                FDCAN_CU_IRQHandler
                0x24100b40                GPDMA1_Channel12_IRQHandler
                0x24100b40                HPDMA1_Channel7_IRQHandler
                0x24100b40                GPDMA1_Channel1_IRQHandler
                0x24100b40                TIM16_IRQHandler
                0x24100b40                GPDMA1_Channel15_IRQHandler
                0x24100b40                UART4_IRQHandler
                0x24100b40                TCM_ECC_IRQHandler
                0x24100b40                TIM3_IRQHandler
                0x24100b40                RCC_IRQHandler
                0x24100b40                UART9_IRQHandler
                0x24100b40                NPU1_IRQHandler
                0x24100b40                SAI2_B_IRQHandler
                0x24100b40                Default_Handler
                0x24100b40                GPDMA1_Channel8_IRQHandler
                0x24100b40                HPDMA1_Channel8_IRQHandler
                0x24100b40                TIM18_IRQHandler
                0x24100b40                TIM14_IRQHandler
                0x24100b40                TIM13_IRQHandler
                0x24100b40                CTI_INT1_IRQHandler
                0x24100b40                GPDMA1_Channel11_IRQHandler
                0x24100b40                GPU2D_ER_IRQHandler
                0x24100b40                SPI5_IRQHandler
                0x24100b40                TIM12_IRQHandler
                0x24100b40                TIM7_IRQHandler
                0x24100b40                FDCAN3_IT1_IRQHandler
                0x24100b40                HPDMA1_Channel10_IRQHandler
                0x24100b40                SDMMC1_IRQHandler
                0x24100b40                SAES_IRQHandler
                0x24100b40                TIM5_IRQHandler
                0x24100b40                UCPD1_IRQHandler
                0x24100b40                GPDMA1_Channel0_IRQHandler
                0x24100b40                I3C1_EV_IRQHandler
                0x24100b40                HPDMA1_Channel5_IRQHandler
                0x24100b40                TIM15_IRQHandler
                0x24100b40                I2C3_EV_IRQHandler
                0x24100b40                HPDMA1_Channel4_IRQHandler
                0x24100b40                HPDMA1_Channel15_IRQHandler
                0x24100b40                TIM9_IRQHandler
                0x24100b40                USB1_OTG_HS_IRQHandler
                0x24100b40                PVD_PVM_IRQHandler
                0x24100b40                SPI2_IRQHandler
                0x24100b40                TIM1_TRG_CCU_IRQHandler
                0x24100b40                HPDMA1_Channel11_IRQHandler
                0x24100b40                EXTI14_IRQHandler
                0x24100b40                EXTI11_IRQHandler
                0x24100b40                VENC_IRQHandler
                0x24100b40                GPDMA1_Channel14_IRQHandler
                0x24100b40                EXTI4_IRQHandler
                0x24100b40                RTC_S_IRQHandler
                0x24100b40                GPDMA1_Channel13_IRQHandler
                0x24100b40                RNG_IRQHandler
                0x24100b40                XSPI3_IRQHandler
                0x24100b40                FDCAN2_IT1_IRQHandler
                0x24100b40                TIM1_UP_IRQHandler
                0x24100b40                NPU0_IRQHandler
                0x24100b40                BCK_ECC_IRQHandler
                0x24100b40                WWDG_IRQHandler
                0x24100b40                SPI6_IRQHandler
                0x24100b40                MDIOS_IRQHandler
                0x24100b40                I2C4_EV_IRQHandler
                0x24100b40                FDCAN2_IT0_IRQHandler
                0x24100b40                IWDG_IRQHandler
                0x24100b40                HPDMA1_Channel14_IRQHandler
                0x24100b40                LPUART1_IRQHandler
                0x24100b40                FDCAN1_IT0_IRQHandler
                0x24100b40                MDF1_FLT0_IRQHandler
                0x24100b40                TIM2_IRQHandler
                0x24100b40                MCE3_IRQHandler
                0x24100b40                GPDMA1_Channel4_IRQHandler
                0x24100b40                EXTI7_IRQHandler
                0x24100b40                DMA2D_IRQHandler
                0x24100b40                TIM1_BRK_IRQHandler
                0x24100b40                EXTI1_IRQHandler
                0x24100b40                SDMMC2_IRQHandler
                0x24100b40                TIM11_IRQHandler
                0x24100b40                LTDC_UP_ERR_IRQHandler
                0x24100b40                UART7_IRQHandler
                0x24100b40                DTS_IRQHandler
                0x24100b40                MDF1_FLT3_IRQHandler
                0x24100b40                USART2_IRQHandler
                0x24100b40                GPDMA1_Channel6_IRQHandler
                0x24100b40                ADF1_FLT0_IRQHandler
                0x24100b40                I2C2_ER_IRQHandler
                0x24100b40                MCE1_IRQHandler
                0x24100b40                SPDIFRX_IRQHandler
                0x24100b40                TIM8_BRK_IRQHandler
                0x24100b40                HPDMA1_Channel12_IRQHandler
                0x24100b40                BusFault_Handler
                0x24100b40                USART1_IRQHandler
                0x24100b40                EXTI10_IRQHandler
                0x24100b40                SPI3_IRQHandler
                0x24100b40                WAKEUP_PIN_IRQHandler
                0x24100b40                DCMIPP_IRQHandler
                0x24100b40                I2C1_ER_IRQHandler
                0x24100b40                FMC_IRQHandler
                0x24100b40                EXTI6_IRQHandler
                0x24100b40                LPTIM1_IRQHandler
                0x24100b40                DCMI_PSSI_IRQHandler
                0x24100b40                TIM8_TRG_CCU_IRQHandler
                0x24100b40                I2C4_ER_IRQHandler
                0x24100b40                GPDMA1_Channel10_IRQHandler
                0x24100b40                ICACHE_IRQHandler
                0x24100b40                HPDMA1_Channel13_IRQHandler
 .text.HAL_Init
                0x24100b42       0x28 ./Drivers/STM32N6xx_HAL_Driver/stm32n6xx_hal.o
                0x24100b42                HAL_Init
 *fill*         0x24100b6a        0x2 
 .text.HAL_InitTick
                0x24100b6c       0x6c ./Drivers/STM32N6xx_HAL_Driver/stm32n6xx_hal.o
                0x24100b6c                HAL_InitTick
 .text.HAL_IncTick
                0x24100bd8       0x28 ./Drivers/STM32N6xx_HAL_Driver/stm32n6xx_hal.o
                0x24100bd8                HAL_IncTick
 .text.HAL_GetTick
                0x24100c00       0x18 ./Drivers/STM32N6xx_HAL_Driver/stm32n6xx_hal.o
                0x24100c00                HAL_GetTick
 .text.__NVIC_SetPriorityGrouping
                0x24100c18       0x48 ./Drivers/STM32N6xx_HAL_Driver/stm32n6xx_hal_cortex.o
 .text.__NVIC_GetPriorityGrouping
                0x24100c60       0x1c ./Drivers/STM32N6xx_HAL_Driver/stm32n6xx_hal_cortex.o
 .text.__NVIC_EnableIRQ
                0x24100c7c       0x3c ./Drivers/STM32N6xx_HAL_Driver/stm32n6xx_hal_cortex.o
 .text.__NVIC_SetPriority
                0x24100cb8       0x54 ./Drivers/STM32N6xx_HAL_Driver/stm32n6xx_hal_cortex.o
 .text.NVIC_EncodePriority
                0x24100d0c       0x66 ./Drivers/STM32N6xx_HAL_Driver/stm32n6xx_hal_cortex.o
 *fill*         0x24100d72        0x2 
 .text.SysTick_Config
                0x24100d74       0x44 ./Drivers/STM32N6xx_HAL_Driver/stm32n6xx_hal_cortex.o
 .text.HAL_NVIC_SetPriorityGrouping
                0x24100db8       0x16 ./Drivers/STM32N6xx_HAL_Driver/stm32n6xx_hal_cortex.o
                0x24100db8                HAL_NVIC_SetPriorityGrouping
 .text.HAL_NVIC_SetPriority
                0x24100dce       0x3a ./Drivers/STM32N6xx_HAL_Driver/stm32n6xx_hal_cortex.o
                0x24100dce                HAL_NVIC_SetPriority
 .text.HAL_NVIC_EnableIRQ
                0x24100e08       0x1c ./Drivers/STM32N6xx_HAL_Driver/stm32n6xx_hal_cortex.o
                0x24100e08                HAL_NVIC_EnableIRQ
 .text.HAL_SYSTICK_Config
                0x24100e24       0x18 ./Drivers/STM32N6xx_HAL_Driver/stm32n6xx_hal_cortex.o
                0x24100e24                HAL_SYSTICK_Config
 .text.HAL_ETH_Init
                0x24100e3c      0x1fc ./Drivers/STM32N6xx_HAL_Driver/stm32n6xx_hal_eth.o
                0x24100e3c                HAL_ETH_Init
 .text.HAL_ETH_IRQHandler
                0x24101038      0x37c ./Drivers/STM32N6xx_HAL_Driver/stm32n6xx_hal_eth.o
                0x24101038                HAL_ETH_IRQHandler
 .text.HAL_ETH_TxCpltCallback
                0x241013b4       0x14 ./Drivers/STM32N6xx_HAL_Driver/stm32n6xx_hal_eth.o
                0x241013b4                HAL_ETH_TxCpltCallback
 .text.HAL_ETH_RxCpltCallback
                0x241013c8       0x14 ./Drivers/STM32N6xx_HAL_Driver/stm32n6xx_hal_eth.o
                0x241013c8                HAL_ETH_RxCpltCallback
 .text.HAL_ETH_ErrorCallback
                0x241013dc       0x14 ./Drivers/STM32N6xx_HAL_Driver/stm32n6xx_hal_eth.o
                0x241013dc                HAL_ETH_ErrorCallback
 .text.HAL_ETH_PMTCallback
                0x241013f0       0x14 ./Drivers/STM32N6xx_HAL_Driver/stm32n6xx_hal_eth.o
                0x241013f0                HAL_ETH_PMTCallback
 .text.HAL_ETH_EEECallback
                0x24101404       0x14 ./Drivers/STM32N6xx_HAL_Driver/stm32n6xx_hal_eth.o
                0x24101404                HAL_ETH_EEECallback
 .text.HAL_ETH_WakeUpCallback
                0x24101418       0x14 ./Drivers/STM32N6xx_HAL_Driver/stm32n6xx_hal_eth.o
                0x24101418                HAL_ETH_WakeUpCallback
 .text.HAL_ETH_SetMDIOClockRange
                0x2410142c       0xcc ./Drivers/STM32N6xx_HAL_Driver/stm32n6xx_hal_eth.o
                0x2410142c                HAL_ETH_SetMDIOClockRange
 .text.ETH_SetMACConfig
                0x241014f8      0x1ec ./Drivers/STM32N6xx_HAL_Driver/stm32n6xx_hal_eth.o
 .text.ETH_SetDMAConfig
                0x241016e4      0x1c8 ./Drivers/STM32N6xx_HAL_Driver/stm32n6xx_hal_eth.o
 .text.ETH_MACDMAConfig
                0x241018ac      0x3c0 ./Drivers/STM32N6xx_HAL_Driver/stm32n6xx_hal_eth.o
 .text.ETH_DMATxDescListInit
                0x24101c6c       0xf8 ./Drivers/STM32N6xx_HAL_Driver/stm32n6xx_hal_eth.o
 .text.ETH_DMARxDescListInit
                0x24101d64      0x148 ./Drivers/STM32N6xx_HAL_Driver/stm32n6xx_hal_eth.o
 .text.ETHEx_SetMTLConfig
                0x24101eac      0x1d0 ./Drivers/STM32N6xx_HAL_Driver/stm32n6xx_hal_eth_ex.o
                0x24101eac                ETHEx_SetMTLConfig
 .text.HAL_GPIO_Init
                0x2410207c      0x364 ./Drivers/STM32N6xx_HAL_Driver/stm32n6xx_hal_gpio.o
                0x2410207c                HAL_GPIO_Init
 .text.HAL_PWREx_EnableVddIO2
                0x241023e0       0x20 ./Drivers/STM32N6xx_HAL_Driver/stm32n6xx_hal_pwr_ex.o
                0x241023e0                HAL_PWREx_EnableVddIO2
 .text.HAL_PWREx_EnableVddIO3
                0x24102400       0x20 ./Drivers/STM32N6xx_HAL_Driver/stm32n6xx_hal_pwr_ex.o
                0x24102400                HAL_PWREx_EnableVddIO3
 .text.HAL_PWREx_EnableVddIO4
                0x24102420       0x20 ./Drivers/STM32N6xx_HAL_Driver/stm32n6xx_hal_pwr_ex.o
                0x24102420                HAL_PWREx_EnableVddIO4
 .text.LL_RCC_HSI_GetDivider
                0x24102440       0x1c ./Drivers/STM32N6xx_HAL_Driver/stm32n6xx_hal_rcc.o
 .text.LL_RCC_GetSysClkSource
                0x2410245c       0x1c ./Drivers/STM32N6xx_HAL_Driver/stm32n6xx_hal_rcc.o
 .text.LL_RCC_GetAHBPrescaler
                0x24102478       0x1c ./Drivers/STM32N6xx_HAL_Driver/stm32n6xx_hal_rcc.o
 .text.LL_RCC_IC2_GetSource
                0x24102494       0x1c ./Drivers/STM32N6xx_HAL_Driver/stm32n6xx_hal_rcc.o
 .text.LL_RCC_IC2_GetDivider
                0x241024b0       0x20 ./Drivers/STM32N6xx_HAL_Driver/stm32n6xx_hal_rcc.o
 .text.HAL_RCC_GetSysClockFreq
                0x241024d0       0x1e ./Drivers/STM32N6xx_HAL_Driver/stm32n6xx_hal_rcc.o
                0x241024d0                HAL_RCC_GetSysClockFreq
 .text.HAL_RCC_GetHCLKFreq
                0x241024ee       0x1e ./Drivers/STM32N6xx_HAL_Driver/stm32n6xx_hal_rcc.o
                0x241024ee                HAL_RCC_GetHCLKFreq
 .text.RCC_GetSysClockFreq
                0x2410250c      0x104 ./Drivers/STM32N6xx_HAL_Driver/stm32n6xx_hal_rcc.o
 .text.LL_RCC_HSE_SelectHSEAsDiv2Clock
                0x24102610       0x20 ./Drivers/STM32N6xx_HAL_Driver/stm32n6xx_hal_rcc_ex.o
 .text.LL_RCC_HSE_SelectHSEDiv2AsDiv2Clock
                0x24102630       0x20 ./Drivers/STM32N6xx_HAL_Driver/stm32n6xx_hal_rcc_ex.o
 .text.LL_RCC_HSE_IsReady
                0x24102650       0x24 ./Drivers/STM32N6xx_HAL_Driver/stm32n6xx_hal_rcc_ex.o
 .text.LL_RCC_HSI_IsReady
                0x24102674       0x24 ./Drivers/STM32N6xx_HAL_Driver/stm32n6xx_hal_rcc_ex.o
 .text.LL_RCC_HSI_GetDivider
                0x24102698       0x1c ./Drivers/STM32N6xx_HAL_Driver/stm32n6xx_hal_rcc_ex.o
 .text.LL_RCC_MSI_IsReady
                0x241026b4       0x24 ./Drivers/STM32N6xx_HAL_Driver/stm32n6xx_hal_rcc_ex.o
 .text.LL_RCC_MSI_GetFrequency
                0x241026d8       0x1c ./Drivers/STM32N6xx_HAL_Driver/stm32n6xx_hal_rcc_ex.o
 .text.LL_RCC_LSE_IsReady
                0x241026f4       0x24 ./Drivers/STM32N6xx_HAL_Driver/stm32n6xx_hal_rcc_ex.o
 .text.LL_RCC_SetClockSource
                0x24102718       0x54 ./Drivers/STM32N6xx_HAL_Driver/stm32n6xx_hal_rcc_ex.o
 .text.LL_RCC_SetADFClockSource
                0x2410276c       0x2c ./Drivers/STM32N6xx_HAL_Driver/stm32n6xx_hal_rcc_ex.o
 .text.LL_RCC_SetCLKPClockSource
                0x24102798       0x2c ./Drivers/STM32N6xx_HAL_Driver/stm32n6xx_hal_rcc_ex.o
 .text.LL_RCC_SetDCMIPPClockSource
                0x241027c4       0x2c ./Drivers/STM32N6xx_HAL_Driver/stm32n6xx_hal_rcc_ex.o
 .text.LL_RCC_SetETHClockSource
                0x241027f0       0x2c ./Drivers/STM32N6xx_HAL_Driver/stm32n6xx_hal_rcc_ex.o
 .text.LL_RCC_SetETHPHYInterface
                0x2410281c       0x2c ./Drivers/STM32N6xx_HAL_Driver/stm32n6xx_hal_rcc_ex.o
 .text.LL_RCC_SetETHREFRXClockSource
                0x24102848       0x2c ./Drivers/STM32N6xx_HAL_Driver/stm32n6xx_hal_rcc_ex.o
 .text.LL_RCC_SetETHREFTXClockSource
                0x24102874       0x2c ./Drivers/STM32N6xx_HAL_Driver/stm32n6xx_hal_rcc_ex.o
 .text.LL_RCC_SetFDCANClockSource
                0x241028a0       0x2c ./Drivers/STM32N6xx_HAL_Driver/stm32n6xx_hal_rcc_ex.o
 .text.LL_RCC_SetFMCClockSource
                0x241028cc       0x2c ./Drivers/STM32N6xx_HAL_Driver/stm32n6xx_hal_rcc_ex.o
 .text.LL_RCC_SetI2CClockSource
                0x241028f8       0x16 ./Drivers/STM32N6xx_HAL_Driver/stm32n6xx_hal_rcc_ex.o
 .text.LL_RCC_SetI3CClockSource
                0x2410290e       0x16 ./Drivers/STM32N6xx_HAL_Driver/stm32n6xx_hal_rcc_ex.o
 .text.LL_RCC_SetLPTIMClockSource
                0x24102924       0x16 ./Drivers/STM32N6xx_HAL_Driver/stm32n6xx_hal_rcc_ex.o
 *fill*         0x2410293a        0x2 
 .text.LL_RCC_SetLPUARTClockSource
                0x2410293c       0x2c ./Drivers/STM32N6xx_HAL_Driver/stm32n6xx_hal_rcc_ex.o
 .text.LL_RCC_SetLTDCClockSource
                0x24102968       0x2c ./Drivers/STM32N6xx_HAL_Driver/stm32n6xx_hal_rcc_ex.o
 .text.LL_RCC_SetMDFClockSource
                0x24102994       0x2c ./Drivers/STM32N6xx_HAL_Driver/stm32n6xx_hal_rcc_ex.o
 .text.LL_RCC_SetOTGPHYClockSource
                0x241029c0       0x16 ./Drivers/STM32N6xx_HAL_Driver/stm32n6xx_hal_rcc_ex.o
 .text.LL_RCC_SetOTGPHYCKREFClockSource
                0x241029d6       0x16 ./Drivers/STM32N6xx_HAL_Driver/stm32n6xx_hal_rcc_ex.o
 .text.LL_RCC_SetPSSIClockSource
                0x241029ec       0x2c ./Drivers/STM32N6xx_HAL_Driver/stm32n6xx_hal_rcc_ex.o
 .text.LL_RCC_SetSAIClockSource
                0x24102a18       0x16 ./Drivers/STM32N6xx_HAL_Driver/stm32n6xx_hal_rcc_ex.o
 .text.LL_RCC_SetSDMMCClockSource
                0x24102a2e       0x16 ./Drivers/STM32N6xx_HAL_Driver/stm32n6xx_hal_rcc_ex.o
 .text.LL_RCC_SetSPDIFRXClockSource
                0x24102a44       0x2c ./Drivers/STM32N6xx_HAL_Driver/stm32n6xx_hal_rcc_ex.o
 .text.LL_RCC_SetSPIClockSource
                0x24102a70       0x16 ./Drivers/STM32N6xx_HAL_Driver/stm32n6xx_hal_rcc_ex.o
 .text.LL_RCC_SetUSARTClockSource
                0x24102a86       0x16 ./Drivers/STM32N6xx_HAL_Driver/stm32n6xx_hal_rcc_ex.o
 .text.LL_RCC_SetXSPIClockSource
                0x24102a9c       0x16 ./Drivers/STM32N6xx_HAL_Driver/stm32n6xx_hal_rcc_ex.o
 *fill*         0x24102ab2        0x2 
 .text.LL_RCC_SetRTCClockSource
                0x24102ab4       0x2c ./Drivers/STM32N6xx_HAL_Driver/stm32n6xx_hal_rcc_ex.o
 .text.LL_RCC_GetRTCClockSource
                0x24102ae0       0x1c ./Drivers/STM32N6xx_HAL_Driver/stm32n6xx_hal_rcc_ex.o
 .text.LL_RCC_SetRTC_HSEPrescaler
                0x24102afc       0x2c ./Drivers/STM32N6xx_HAL_Driver/stm32n6xx_hal_rcc_ex.o
 .text.LL_RCC_SetTIMPrescaler
                0x24102b28       0x2c ./Drivers/STM32N6xx_HAL_Driver/stm32n6xx_hal_rcc_ex.o
 .text.LL_RCC_PLL1_GetSource
                0x24102b54       0x1c ./Drivers/STM32N6xx_HAL_Driver/stm32n6xx_hal_rcc_ex.o
 .text.LL_RCC_PLL1_IsReady
                0x24102b70       0x28 ./Drivers/STM32N6xx_HAL_Driver/stm32n6xx_hal_rcc_ex.o
 .text.LL_RCC_PLL1_IsEnabledBypass
                0x24102b98       0x28 ./Drivers/STM32N6xx_HAL_Driver/stm32n6xx_hal_rcc_ex.o
 .text.LL_RCC_PLL1_GetN
                0x24102bc0       0x20 ./Drivers/STM32N6xx_HAL_Driver/stm32n6xx_hal_rcc_ex.o
 .text.LL_RCC_PLL1_GetM
                0x24102be0       0x20 ./Drivers/STM32N6xx_HAL_Driver/stm32n6xx_hal_rcc_ex.o
 .text.LL_RCC_PLL1_GetP1
                0x24102c00       0x20 ./Drivers/STM32N6xx_HAL_Driver/stm32n6xx_hal_rcc_ex.o
 .text.LL_RCC_PLL1_GetP2
                0x24102c20       0x20 ./Drivers/STM32N6xx_HAL_Driver/stm32n6xx_hal_rcc_ex.o
 .text.LL_RCC_PLL1P_IsEnabled
                0x24102c40       0x28 ./Drivers/STM32N6xx_HAL_Driver/stm32n6xx_hal_rcc_ex.o
 .text.LL_RCC_PLL1_GetFRACN
                0x24102c68       0x1c ./Drivers/STM32N6xx_HAL_Driver/stm32n6xx_hal_rcc_ex.o
 .text.LL_RCC_PLL2_GetSource
                0x24102c84       0x1c ./Drivers/STM32N6xx_HAL_Driver/stm32n6xx_hal_rcc_ex.o
 .text.LL_RCC_PLL2_IsReady
                0x24102ca0       0x28 ./Drivers/STM32N6xx_HAL_Driver/stm32n6xx_hal_rcc_ex.o
 .text.LL_RCC_PLL2_IsEnabledBypass
                0x24102cc8       0x28 ./Drivers/STM32N6xx_HAL_Driver/stm32n6xx_hal_rcc_ex.o
 .text.LL_RCC_PLL2_GetN
                0x24102cf0       0x20 ./Drivers/STM32N6xx_HAL_Driver/stm32n6xx_hal_rcc_ex.o
 .text.LL_RCC_PLL2_GetM
                0x24102d10       0x20 ./Drivers/STM32N6xx_HAL_Driver/stm32n6xx_hal_rcc_ex.o
 .text.LL_RCC_PLL2_GetP1
                0x24102d30       0x20 ./Drivers/STM32N6xx_HAL_Driver/stm32n6xx_hal_rcc_ex.o
 .text.LL_RCC_PLL2_GetP2
                0x24102d50       0x20 ./Drivers/STM32N6xx_HAL_Driver/stm32n6xx_hal_rcc_ex.o
 .text.LL_RCC_PLL2P_IsEnabled
                0x24102d70       0x28 ./Drivers/STM32N6xx_HAL_Driver/stm32n6xx_hal_rcc_ex.o
 .text.LL_RCC_PLL2_GetFRACN
                0x24102d98       0x1c ./Drivers/STM32N6xx_HAL_Driver/stm32n6xx_hal_rcc_ex.o
 .text.LL_RCC_PLL3_GetSource
                0x24102db4       0x1c ./Drivers/STM32N6xx_HAL_Driver/stm32n6xx_hal_rcc_ex.o
 .text.LL_RCC_PLL3_IsReady
                0x24102dd0       0x28 ./Drivers/STM32N6xx_HAL_Driver/stm32n6xx_hal_rcc_ex.o
 .text.LL_RCC_PLL3_IsEnabledBypass
                0x24102df8       0x28 ./Drivers/STM32N6xx_HAL_Driver/stm32n6xx_hal_rcc_ex.o
 .text.LL_RCC_PLL3_GetN
                0x24102e20       0x20 ./Drivers/STM32N6xx_HAL_Driver/stm32n6xx_hal_rcc_ex.o
 .text.LL_RCC_PLL3_GetM
                0x24102e40       0x20 ./Drivers/STM32N6xx_HAL_Driver/stm32n6xx_hal_rcc_ex.o
 .text.LL_RCC_PLL3_GetP1
                0x24102e60       0x20 ./Drivers/STM32N6xx_HAL_Driver/stm32n6xx_hal_rcc_ex.o
 .text.LL_RCC_PLL3_GetP2
                0x24102e80       0x20 ./Drivers/STM32N6xx_HAL_Driver/stm32n6xx_hal_rcc_ex.o
 .text.LL_RCC_PLL3P_IsEnabled
                0x24102ea0       0x28 ./Drivers/STM32N6xx_HAL_Driver/stm32n6xx_hal_rcc_ex.o
 .text.LL_RCC_PLL3_GetFRACN
                0x24102ec8       0x1c ./Drivers/STM32N6xx_HAL_Driver/stm32n6xx_hal_rcc_ex.o
 .text.LL_RCC_PLL4_GetSource
                0x24102ee4       0x1c ./Drivers/STM32N6xx_HAL_Driver/stm32n6xx_hal_rcc_ex.o
 .text.LL_RCC_PLL4_IsReady
                0x24102f00       0x28 ./Drivers/STM32N6xx_HAL_Driver/stm32n6xx_hal_rcc_ex.o
 .text.LL_RCC_PLL4_IsEnabledBypass
                0x24102f28       0x28 ./Drivers/STM32N6xx_HAL_Driver/stm32n6xx_hal_rcc_ex.o
 .text.LL_RCC_PLL4_GetN
                0x24102f50       0x20 ./Drivers/STM32N6xx_HAL_Driver/stm32n6xx_hal_rcc_ex.o
 .text.LL_RCC_PLL4_GetM
                0x24102f70       0x20 ./Drivers/STM32N6xx_HAL_Driver/stm32n6xx_hal_rcc_ex.o
 .text.LL_RCC_PLL4_GetP1
                0x24102f90       0x20 ./Drivers/STM32N6xx_HAL_Driver/stm32n6xx_hal_rcc_ex.o
 .text.LL_RCC_PLL4_GetP2
                0x24102fb0       0x20 ./Drivers/STM32N6xx_HAL_Driver/stm32n6xx_hal_rcc_ex.o
 .text.LL_RCC_PLL4P_IsEnabled
                0x24102fd0       0x28 ./Drivers/STM32N6xx_HAL_Driver/stm32n6xx_hal_rcc_ex.o
 .text.LL_RCC_PLL4_GetFRACN
                0x24102ff8       0x1c ./Drivers/STM32N6xx_HAL_Driver/stm32n6xx_hal_rcc_ex.o
 .text.LL_RCC_IC3_Enable
                0x24103014       0x1c ./Drivers/STM32N6xx_HAL_Driver/stm32n6xx_hal_rcc_ex.o
 .text.LL_RCC_IC4_Enable
                0x24103030       0x1c ./Drivers/STM32N6xx_HAL_Driver/stm32n6xx_hal_rcc_ex.o
 .text.LL_RCC_IC5_Enable
                0x2410304c       0x1c ./Drivers/STM32N6xx_HAL_Driver/stm32n6xx_hal_rcc_ex.o
 .text.LL_RCC_IC7_Enable
                0x24103068       0x1c ./Drivers/STM32N6xx_HAL_Driver/stm32n6xx_hal_rcc_ex.o
 .text.LL_RCC_IC8_Enable
                0x24103084       0x1c ./Drivers/STM32N6xx_HAL_Driver/stm32n6xx_hal_rcc_ex.o
 .text.LL_RCC_IC9_Enable
                0x241030a0       0x1c ./Drivers/STM32N6xx_HAL_Driver/stm32n6xx_hal_rcc_ex.o
 .text.LL_RCC_IC10_Enable
                0x241030bc       0x1c ./Drivers/STM32N6xx_HAL_Driver/stm32n6xx_hal_rcc_ex.o
 .text.LL_RCC_IC12_Enable
                0x241030d8       0x1c ./Drivers/STM32N6xx_HAL_Driver/stm32n6xx_hal_rcc_ex.o
 .text.LL_RCC_IC13_Enable
                0x241030f4       0x1c ./Drivers/STM32N6xx_HAL_Driver/stm32n6xx_hal_rcc_ex.o
 .text.LL_RCC_IC14_Enable
                0x24103110       0x1c ./Drivers/STM32N6xx_HAL_Driver/stm32n6xx_hal_rcc_ex.o
 .text.LL_RCC_IC15_Enable
                0x2410312c       0x1c ./Drivers/STM32N6xx_HAL_Driver/stm32n6xx_hal_rcc_ex.o
 .text.LL_RCC_IC16_Enable
                0x24103148       0x1c ./Drivers/STM32N6xx_HAL_Driver/stm32n6xx_hal_rcc_ex.o
 .text.LL_RCC_IC17_Enable
                0x24103164       0x1c ./Drivers/STM32N6xx_HAL_Driver/stm32n6xx_hal_rcc_ex.o
 .text.LL_RCC_IC18_Enable
                0x24103180       0x1c ./Drivers/STM32N6xx_HAL_Driver/stm32n6xx_hal_rcc_ex.o
 .text.LL_RCC_IC19_Enable
                0x2410319c       0x1c ./Drivers/STM32N6xx_HAL_Driver/stm32n6xx_hal_rcc_ex.o
 .text.LL_RCC_IC20_Enable
                0x241031b8       0x1c ./Drivers/STM32N6xx_HAL_Driver/stm32n6xx_hal_rcc_ex.o
 .text.LL_RCC_CLKP_Enable
                0x241031d4       0x1c ./Drivers/STM32N6xx_HAL_Driver/stm32n6xx_hal_rcc_ex.o
 .text.HAL_RCCEx_PeriphCLKConfig
                0x241031f0     0x25c8 ./Drivers/STM32N6xx_HAL_Driver/stm32n6xx_hal_rcc_ex.o
                0x241031f0                HAL_RCCEx_PeriphCLKConfig
 .text.HAL_RCCEx_GetPLL1CLKFreq
                0x241057b8       0x8c ./Drivers/STM32N6xx_HAL_Driver/stm32n6xx_hal_rcc_ex.o
                0x241057b8                HAL_RCCEx_GetPLL1CLKFreq
 .text.HAL_RCCEx_GetPLL2CLKFreq
                0x24105844       0x8c ./Drivers/STM32N6xx_HAL_Driver/stm32n6xx_hal_rcc_ex.o
                0x24105844                HAL_RCCEx_GetPLL2CLKFreq
 .text.HAL_RCCEx_GetPLL3CLKFreq
                0x241058d0       0x8c ./Drivers/STM32N6xx_HAL_Driver/stm32n6xx_hal_rcc_ex.o
                0x241058d0                HAL_RCCEx_GetPLL3CLKFreq
 .text.HAL_RCCEx_GetPLL4CLKFreq
                0x2410595c       0x8c ./Drivers/STM32N6xx_HAL_Driver/stm32n6xx_hal_rcc_ex.o
                0x2410595c                HAL_RCCEx_GetPLL4CLKFreq
 .text.RCCEx_GetPLLSourceFreq
                0x241059e8       0xbc ./Drivers/STM32N6xx_HAL_Driver/stm32n6xx_hal_rcc_ex.o
 .text.RCCEx_CalcPLLFreq
                0x24105aa4       0x98 ./Drivers/STM32N6xx_HAL_Driver/stm32n6xx_hal_rcc_ex.o
 .text.memset   0x24105b3c       0x10 /Applications/STM32CubeIDE.app/Contents/Eclipse/plugins/com.st.stm32cube.ide.mcu.externaltools.gnu-tools-for-stm32.14.3.rel1.macosaarch64_1.0.0.202602081740/tools/bin/../lib/gcc/arm-none-eabi/14.3.1/../../../../arm-none-eabi/lib/thumb/v8-m.main+dp/hard/libc_nano.a(libc_a-memset.o)
                0x24105b3c                memset
 .text.__libc_init_array
                0x24105b4c       0x48 /Applications/STM32CubeIDE.app/Contents/Eclipse/plugins/com.st.stm32cube.ide.mcu.externaltools.gnu-tools-for-stm32.14.3.rel1.macosaarch64_1.0.0.202602081740/tools/bin/../lib/gcc/arm-none-eabi/14.3.1/../../../../arm-none-eabi/lib/thumb/v8-m.main+dp/hard/libc_nano.a(libc_a-init.o)
                0x24105b4c                __libc_init_array
 *(.glue_7)
 .glue_7        0x24105b94        0x0 linker stubs
 *(.glue_7t)
 .glue_7t       0x24105b94        0x0 linker stubs
 *(.eh_frame)
 .eh_frame      0x24105b94        0x0 /Applications/STM32CubeIDE.app/Contents/Eclipse/plugins/com.st.stm32cube.ide.mcu.externaltools.gnu-tools-for-stm32.14.3.rel1.macosaarch64_1.0.0.202602081740/tools/bin/../lib/gcc/arm-none-eabi/14.3.1/thumb/v8-m.main+dp/hard/crtbegin.o
 *(.RamFunc)
 *(.RamFunc*)
 *(.init)
 .init          0x24105b94        0x4 /Applications/STM32CubeIDE.app/Contents/Eclipse/plugins/com.st.stm32cube.ide.mcu.externaltools.gnu-tools-for-stm32.14.3.rel1.macosaarch64_1.0.0.202602081740/tools/bin/../lib/gcc/arm-none-eabi/14.3.1/thumb/v8-m.main+dp/hard/crti.o
                0x24105b94                _init
 .init          0x24105b98        0x8 /Applications/STM32CubeIDE.app/Contents/Eclipse/plugins/com.st.stm32cube.ide.mcu.externaltools.gnu-tools-for-stm32.14.3.rel1.macosaarch64_1.0.0.202602081740/tools/bin/../lib/gcc/arm-none-eabi/14.3.1/thumb/v8-m.main+dp/hard/crtn.o
 *(.fini)
 .fini          0x24105ba0        0x4 /Applications/STM32CubeIDE.app/Contents/Eclipse/plugins/com.st.stm32cube.ide.mcu.externaltools.gnu-tools-for-stm32.14.3.rel1.macosaarch64_1.0.0.202602081740/tools/bin/../lib/gcc/arm-none-eabi/14.3.1/thumb/v8-m.main+dp/hard/crti.o
                0x24105ba0                _fini
 .fini          0x24105ba4        0x8 /Applications/STM32CubeIDE.app/Contents/Eclipse/plugins/com.st.stm32cube.ide.mcu.externaltools.gnu-tools-for-stm32.14.3.rel1.macosaarch64_1.0.0.202602081740/tools/bin/../lib/gcc/arm-none-eabi/14.3.1/thumb/v8-m.main+dp/hard/crtn.o
 *fill*         0x24105bac        0x4 
 .fini.__stub   0x24105bb0        0x8 linker stubs
                0x24105bb8                        . = ALIGN (0x4)
                0x24105bb8                        _etext = .

.vfp11_veneer   0x24105bb8        0x0
 .vfp11_veneer  0x24105bb8        0x0 linker stubs

.v4_bx          0x24105bb8        0x0
 .v4_bx         0x24105bb8        0x0 linker stubs

.iplt           0x24105bb8        0x0
 .iplt          0x24105bb8        0x0 /Applications/STM32CubeIDE.app/Contents/Eclipse/plugins/com.st.stm32cube.ide.mcu.externaltools.gnu-tools-for-stm32.14.3.rel1.macosaarch64_1.0.0.202602081740/tools/bin/../lib/gcc/arm-none-eabi/14.3.1/thumb/v8-m.main+dp/hard/crtbegin.o

.rel.dyn        0x24105bb8        0x0
 .rel.iplt      0x24105bb8        0x0 /Applications/STM32CubeIDE.app/Contents/Eclipse/plugins/com.st.stm32cube.ide.mcu.externaltools.gnu-tools-for-stm32.14.3.rel1.macosaarch64_1.0.0.202602081740/tools/bin/../lib/gcc/arm-none-eabi/14.3.1/thumb/v8-m.main+dp/hard/crtbegin.o

.rodata         0x24105bb8        0x0
                0x24105bb8                        . = ALIGN (0x4)
 *(.rodata)
 *(.rodata*)
                0x24105bb8                        . = ALIGN (0x4)

.ARM.extab      0x24105bb8        0x0
                0x24105bb8                        . = ALIGN (0x4)
 *(.ARM.extab* .gnu.linkonce.armextab.*)
                0x24105bb8                        . = ALIGN (0x4)

.ARM            0x24105bb8        0x0
                0x24105bb8                        . = ALIGN (0x4)
                0x24105bb8                        __exidx_start = .
 *(.ARM.exidx*)
                0x24105bb8                        __exidx_end = .
                0x24105bb8                        . = ALIGN (0x4)

.preinit_array  0x24105bb8        0x0
                0x24105bb8                        . = ALIGN (0x4)
                0x24105bb8                        PROVIDE (__preinit_array_start = .)
 *(.preinit_array*)
                0x24105bb8                        PROVIDE (__preinit_array_end = .)
                0x24105bb8                        . = ALIGN (0x4)

.init_array     0x24105bb8        0x4
                0x24105bb8                        . = ALIGN (0x4)
                0x24105bb8                        PROVIDE (__init_array_start = .)
 *(SORT_BY_NAME(.init_array.*))
 *(.init_array*)
 .init_array    0x24105bb8        0x4 /Applications/STM32CubeIDE.app/Contents/Eclipse/plugins/com.st.stm32cube.ide.mcu.externaltools.gnu-tools-for-stm32.14.3.rel1.macosaarch64_1.0.0.202602081740/tools/bin/../lib/gcc/arm-none-eabi/14.3.1/thumb/v8-m.main+dp/hard/crtbegin.o
                0x24105bbc                        PROVIDE (__init_array_end = .)
                0x24105bbc                        . = ALIGN (0x4)

.fini_array     0x24105bbc        0x4
                0x24105bbc                        . = ALIGN (0x4)
                [!provide]                        PROVIDE (__fini_array_start = .)
 *(SORT_BY_NAME(.fini_array.*))
 *(.fini_array*)
 .fini_array    0x24105bbc        0x4 /Applications/STM32CubeIDE.app/Contents/Eclipse/plugins/com.st.stm32cube.ide.mcu.externaltools.gnu-tools-for-stm32.14.3.rel1.macosaarch64_1.0.0.202602081740/tools/bin/../lib/gcc/arm-none-eabi/14.3.1/thumb/v8-m.main+dp/hard/crtbegin.o
                [!provide]                        PROVIDE (__fini_array_end = .)
                0x24105bc0                        . = ALIGN (0x4)
                0x24105bc0                        _sidata = LOADADDR (.data)

.data           0x24180000        0xc load address 0x24105bc0
                0x24180000                        . = ALIGN (0x4)
                0x24180000                        _sdata = .
 *(.data)
 *(.data*)
 .data.SystemCoreClock
                0x24180000        0x4 ./Core/Src/system_stm32n6xx_ns.o
                0x24180000                SystemCoreClock
 .data.uwTickPrio
                0x24180004        0x4 ./Drivers/STM32N6xx_HAL_Driver/stm32n6xx_hal.o
                0x24180004                uwTickPrio
 .data.uwTickFreq
                0x24180008        0x1 ./Drivers/STM32N6xx_HAL_Driver/stm32n6xx_hal.o
                0x24180008                uwTickFreq
                0x2418000c                        . = ALIGN (0x4)
 *fill*         0x24180009        0x3 
                0x2418000c                        _edata = .

.igot.plt       0x2418000c        0x0 load address 0x24105bcc
 .igot.plt      0x2418000c        0x0 /Applications/STM32CubeIDE.app/Contents/Eclipse/plugins/com.st.stm32cube.ide.mcu.externaltools.gnu-tools-for-stm32.14.3.rel1.macosaarch64_1.0.0.202602081740/tools/bin/../lib/gcc/arm-none-eabi/14.3.1/thumb/v8-m.main+dp/hard/crtbegin.o

.RxDecripSection
                0x2418000c       0xc0 load address 0x24105bcc
 .RxDecripSection
                0x2418000c       0xc0 ./Core/Src/main.o
                0x2418000c                DMARxDscrTab

.TxDecripSection
                0x241800cc       0xc0 load address 0x24105c8c
 .TxDecripSection
                0x241800cc       0xc0 ./Core/Src/main.o
                0x241800cc                DMATxDscrTab

.noncacheable   0x2418018c        0x4 load address 0x24105d4c
                0x24180190                        . = ALIGN (0x8)
 *fill*         0x2418018c        0x4 
                0x24180190                        __snoncacheable = .
 *(.noncacheable)
                0x24180190                        . = ALIGN (0x8)
                0x24180190                        __enoncacheable = .
                0x24180190                        . = ALIGN (0x4)

.bss            0x24180190      0x198 load address 0x24105d4c
                0x24180190                        _sbss = .
                0x24180190                        __bss_start__ = _sbss
 *(.bss)
 .bss           0x24180190       0x1c /Applications/STM32CubeIDE.app/Contents/Eclipse/plugins/com.st.stm32cube.ide.mcu.externaltools.gnu-tools-for-stm32.14.3.rel1.macosaarch64_1.0.0.202602081740/tools/bin/../lib/gcc/arm-none-eabi/14.3.1/thumb/v8-m.main+dp/hard/crtbegin.o
 *(.bss*)
 .bss.TxConfig  0x241801ac       0x3c ./Core/Src/main.o
                0x241801ac                TxConfig
 .bss.heth1     0x241801e8      0x134 ./Core/Src/main.o
                0x241801e8                heth1
 .bss.MACAddr.0
                0x2418031c        0x6 ./Core/Src/main.o
 *fill*         0x24180322        0x2 
 .bss.uwTick    0x24180324        0x4 ./Drivers/STM32N6xx_HAL_Driver/stm32n6xx_hal.o
                0x24180324                uwTick
 *(COMMON)
                0x24180328                        . = ALIGN (0x4)
                0x24180328                        _ebss = .
                0x24180328                        __bss_end__ = _ebss

._user_heap_stack
                0x24180328      0xa00 load address 0x24105d4c
                0x24180328                        . = ALIGN (0x8)
                [!provide]                        PROVIDE (end = .)
                0x24180328                        PROVIDE (_end = .)
                0x24180528                        . = (. + _Min_Heap_Size)
 *fill*         0x24180328      0x200 
                0x24180d28                        . = (. + _Min_Stack_Size)
 *fill*         0x24180528      0x800 
                0x24180d28                        . = ALIGN (0x8)

/DISCARD/
 libc.a(*)
 libm.a(*)
 libgcc.a(*)

.ARM.attributes
                0x00000000       0x3a
 *(.ARM.attributes)
 .ARM.attributes
                0x00000000       0x24 /Applications/STM32CubeIDE.app/Contents/Eclipse/plugins/com.st.stm32cube.ide.mcu.externaltools.gnu-tools-for-stm32.14.3.rel1.macosaarch64_1.0.0.202602081740/tools/bin/../lib/gcc/arm-none-eabi/14.3.1/thumb/v8-m.main+dp/hard/crti.o
 .ARM.attributes
                0x00000024       0x36 /Applications/STM32CubeIDE.app/Contents/Eclipse/plugins/com.st.stm32cube.ide.mcu.externaltools.gnu-tools-for-stm32.14.3.rel1.macosaarch64_1.0.0.202602081740/tools/bin/../lib/gcc/arm-none-eabi/14.3.1/thumb/v8-m.main+dp/hard/crtbegin.o
 .ARM.attributes
                0x0000005a       0x3e ./Core/Src/main.o
 .ARM.attributes
                0x00000098       0x3e ./Core/Src/stm32n6xx_hal_msp.o
 .ARM.attributes
                0x000000d6       0x3e ./Core/Src/stm32n6xx_it.o
 .ARM.attributes
                0x00000114       0x3e ./Core/Src/system_stm32n6xx_ns.o
 .ARM.attributes
                0x00000152       0x22 ./Core/Startup/startup_stm32n657x0hxq.o
 .ARM.attributes
                0x00000174       0x3e ./Drivers/STM32N6xx_HAL_Driver/stm32n6xx_hal.o
 .ARM.attributes
                0x000001b2       0x3e ./Drivers/STM32N6xx_HAL_Driver/stm32n6xx_hal_cortex.o
 .ARM.attributes
                0x000001f0       0x3e ./Drivers/STM32N6xx_HAL_Driver/stm32n6xx_hal_eth.o
 .ARM.attributes
                0x0000022e       0x3e ./Drivers/STM32N6xx_HAL_Driver/stm32n6xx_hal_eth_ex.o
 .ARM.attributes
                0x0000026c       0x3e ./Drivers/STM32N6xx_HAL_Driver/stm32n6xx_hal_gpio.o
 .ARM.attributes
                0x000002aa       0x3e ./Drivers/STM32N6xx_HAL_Driver/stm32n6xx_hal_pwr_ex.o
 .ARM.attributes
                0x000002e8       0x3e ./Drivers/STM32N6xx_HAL_Driver/stm32n6xx_hal_rcc.o
 .ARM.attributes
                0x00000326       0x3e ./Drivers/STM32N6xx_HAL_Driver/stm32n6xx_hal_rcc_ex.o
 .ARM.attributes
                0x00000364       0x36 /Applications/STM32CubeIDE.app/Contents/Eclipse/plugins/com.st.stm32cube.ide.mcu.externaltools.gnu-tools-for-stm32.14.3.rel1.macosaarch64_1.0.0.202602081740/tools/bin/../lib/gcc/arm-none-eabi/14.3.1/../../../../arm-none-eabi/lib/thumb/v8-m.main+dp/hard/libc_nano.a(libc_a-memset.o)
 .ARM.attributes
                0x0000039a       0x36 /Applications/STM32CubeIDE.app/Contents/Eclipse/plugins/com.st.stm32cube.ide.mcu.externaltools.gnu-tools-for-stm32.14.3.rel1.macosaarch64_1.0.0.202602081740/tools/bin/../lib/gcc/arm-none-eabi/14.3.1/../../../../arm-none-eabi/lib/thumb/v8-m.main+dp/hard/libc_nano.a(libc_a-init.o)
 .ARM.attributes
                0x000003d0       0x24 /Applications/STM32CubeIDE.app/Contents/Eclipse/plugins/com.st.stm32cube.ide.mcu.externaltools.gnu-tools-for-stm32.14.3.rel1.macosaarch64_1.0.0.202602081740/tools/bin/../lib/gcc/arm-none-eabi/14.3.1/thumb/v8-m.main+dp/hard/crtn.o
OUTPUT(ETRS_606_ETH_AppliNonSecure.elf elf32-littlearm)
LOAD linker stubs
LOAD /Applications/STM32CubeIDE.app/Contents/Eclipse/plugins/com.st.stm32cube.ide.mcu.externaltools.gnu-tools-for-stm32.14.3.rel1.macosaarch64_1.0.0.202602081740/tools/bin/../lib/gcc/arm-none-eabi/14.3.1/../../../../arm-none-eabi/lib/thumb/v8-m.main+dp/hard/libc.a
LOAD /Applications/STM32CubeIDE.app/Contents/Eclipse/plugins/com.st.stm32cube.ide.mcu.externaltools.gnu-tools-for-stm32.14.3.rel1.macosaarch64_1.0.0.202602081740/tools/bin/../lib/gcc/arm-none-eabi/14.3.1/../../../../arm-none-eabi/lib/thumb/v8-m.main+dp/hard/libm.a
LOAD /Applications/STM32CubeIDE.app/Contents/Eclipse/plugins/com.st.stm32cube.ide.mcu.externaltools.gnu-tools-for-stm32.14.3.rel1.macosaarch64_1.0.0.202602081740/tools/bin/../lib/gcc/arm-none-eabi/14.3.1/thumb/v8-m.main+dp/hard/libgcc.a

.debug_info     0x00000000    0x18181
 .debug_info    0x00000000     0x283c ./Core/Src/main.o
 .debug_info    0x0000283c     0x3176 ./Core/Src/stm32n6xx_hal_msp.o
 .debug_info    0x000059b2     0x1513 ./Core/Src/stm32n6xx_it.o
 .debug_info    0x00006ec5      0x426 ./Core/Src/system_stm32n6xx_ns.o
 .debug_info    0x000072eb       0x30 ./Core/Startup/startup_stm32n657x0hxq.o
 .debug_info    0x0000731b     0x27c6 ./Drivers/STM32N6xx_HAL_Driver/stm32n6xx_hal.o
 .debug_info    0x00009ae1     0x1350 ./Drivers/STM32N6xx_HAL_Driver/stm32n6xx_hal_cortex.o
 .debug_info    0x0000ae31     0x3fd2 ./Drivers/STM32N6xx_HAL_Driver/stm32n6xx_hal_eth.o
 .debug_info    0x0000ee03     0x2245 ./Drivers/STM32N6xx_HAL_Driver/stm32n6xx_hal_eth_ex.o
 .debug_info    0x00011048      0xa8f ./Drivers/STM32N6xx_HAL_Driver/stm32n6xx_hal_gpio.o
 .debug_info    0x00011ad7      0xd08 ./Drivers/STM32N6xx_HAL_Driver/stm32n6xx_hal_pwr_ex.o
 .debug_info    0x000127df     0x2161 ./Drivers/STM32N6xx_HAL_Driver/stm32n6xx_hal_rcc.o
 .debug_info    0x00014940     0x3841 ./Drivers/STM32N6xx_HAL_Driver/stm32n6xx_hal_rcc_ex.o

.debug_abbrev   0x00000000     0x1e9e
 .debug_abbrev  0x00000000      0x2ad ./Core/Src/main.o
 .debug_abbrev  0x000002ad      0x26b ./Core/Src/stm32n6xx_hal_msp.o
 .debug_abbrev  0x00000518      0x175 ./Core/Src/stm32n6xx_it.o
 .debug_abbrev  0x0000068d      0x122 ./Core/Src/system_stm32n6xx_ns.o
 .debug_abbrev  0x000007af       0x24 ./Core/Startup/startup_stm32n657x0hxq.o
 .debug_abbrev  0x000007d3      0x2bd ./Drivers/STM32N6xx_HAL_Driver/stm32n6xx_hal.o
 .debug_abbrev  0x00000a90      0x346 ./Drivers/STM32N6xx_HAL_Driver/stm32n6xx_hal_cortex.o
 .debug_abbrev  0x00000dd6      0x349 ./Drivers/STM32N6xx_HAL_Driver/stm32n6xx_hal_eth.o
 .debug_abbrev  0x0000111f      0x25e ./Drivers/STM32N6xx_HAL_Driver/stm32n6xx_hal_eth_ex.o
 .debug_abbrev  0x0000137d      0x24d ./Drivers/STM32N6xx_HAL_Driver/stm32n6xx_hal_gpio.o
 .debug_abbrev  0x000015ca      0x265 ./Drivers/STM32N6xx_HAL_Driver/stm32n6xx_hal_pwr_ex.o
 .debug_abbrev  0x0000182f      0x36a ./Drivers/STM32N6xx_HAL_Driver/stm32n6xx_hal_rcc.o
 .debug_abbrev  0x00001b99      0x305 ./Drivers/STM32N6xx_HAL_Driver/stm32n6xx_hal_rcc_ex.o

.debug_aranges  0x00000000     0x1630
 .debug_aranges
                0x00000000       0x40 ./Core/Src/main.o
 .debug_aranges
                0x00000040       0x48 ./Core/Src/stm32n6xx_hal_msp.o
 .debug_aranges
                0x00000088       0x50 ./Core/Src/stm32n6xx_it.o
 .debug_aranges
                0x000000d8       0x28 ./Core/Src/system_stm32n6xx_ns.o
 .debug_aranges
                0x00000100       0x28 ./Core/Startup/startup_stm32n657x0hxq.o
 .debug_aranges
                0x00000128      0x3c8 ./Drivers/STM32N6xx_HAL_Driver/stm32n6xx_hal.o
 .debug_aranges
                0x000004f0      0x148 ./Drivers/STM32N6xx_HAL_Driver/stm32n6xx_hal_cortex.o
 .debug_aranges
                0x00000638      0x1e0 ./Drivers/STM32N6xx_HAL_Driver/stm32n6xx_hal_eth.o
 .debug_aranges
                0x00000818      0x128 ./Drivers/STM32N6xx_HAL_Driver/stm32n6xx_hal_eth_ex.o
 .debug_aranges
                0x00000940       0x98 ./Drivers/STM32N6xx_HAL_Driver/stm32n6xx_hal_gpio.o
 .debug_aranges
                0x000009d8      0x260 ./Drivers/STM32N6xx_HAL_Driver/stm32n6xx_hal_pwr_ex.o
 .debug_aranges
                0x00000c38      0x2a0 ./Drivers/STM32N6xx_HAL_Driver/stm32n6xx_hal_rcc.o
 .debug_aranges
                0x00000ed8      0x758 ./Drivers/STM32N6xx_HAL_Driver/stm32n6xx_hal_rcc_ex.o

.debug_rnglists
                0x00000000     0x10cc
 .debug_rnglists
                0x00000000       0x2c ./Core/Src/main.o
 .debug_rnglists
                0x0000002c       0x32 ./Core/Src/stm32n6xx_hal_msp.o
 .debug_rnglists
                0x0000005e       0x37 ./Core/Src/stm32n6xx_it.o
 .debug_rnglists
                0x00000095       0x19 ./Core/Src/system_stm32n6xx_ns.o
 .debug_rnglists
                0x000000ae       0x19 ./Core/Startup/startup_stm32n657x0hxq.o
 .debug_rnglists
                0x000000c7      0x2d4 ./Drivers/STM32N6xx_HAL_Driver/stm32n6xx_hal.o
 .debug_rnglists
                0x0000039b       0xf1 ./Drivers/STM32N6xx_HAL_Driver/stm32n6xx_hal_cortex.o
 .debug_rnglists
                0x0000048c      0x17c ./Drivers/STM32N6xx_HAL_Driver/stm32n6xx_hal_eth.o
 .debug_rnglists
                0x00000608       0xe7 ./Drivers/STM32N6xx_HAL_Driver/stm32n6xx_hal_eth_ex.o
 .debug_rnglists
                0x000006ef       0x73 ./Drivers/STM32N6xx_HAL_Driver/stm32n6xx_hal_gpio.o
 .debug_rnglists
                0x00000762      0x1c9 ./Drivers/STM32N6xx_HAL_Driver/stm32n6xx_hal_pwr_ex.o
 .debug_rnglists
                0x0000092b      0x200 ./Drivers/STM32N6xx_HAL_Driver/stm32n6xx_hal_rcc.o
 .debug_rnglists
                0x00000b2b      0x5a1 ./Drivers/STM32N6xx_HAL_Driver/stm32n6xx_hal_rcc_ex.o

.debug_macro    0x00000000    0x5140e
 .debug_macro   0x00000000      0x2e1 ./Core/Src/main.o
 .debug_macro   0x000002e1      0xb5c ./Core/Src/main.o
 .debug_macro   0x00000e3d      0x1d9 ./Core/Src/main.o
 .debug_macro   0x00001016       0x2e ./Core/Src/main.o
 .debug_macro   0x00001044       0x65 ./Core/Src/main.o
 .debug_macro   0x000010a9       0x22 ./Core/Src/main.o
 .debug_macro   0x000010cb       0x8e ./Core/Src/main.o
 .debug_macro   0x00001159       0x51 ./Core/Src/main.o
 .debug_macro   0x000011aa      0x103 ./Core/Src/main.o
 .debug_macro   0x000012ad       0x6a ./Core/Src/main.o
 .debug_macro   0x00001317      0x1df ./Core/Src/main.o
 .debug_macro   0x000014f6       0x2e ./Core/Src/main.o
 .debug_macro   0x00001524       0x17 ./Core/Src/main.o
 .debug_macro   0x0000153b       0x58 ./Core/Src/main.o
 .debug_macro   0x00001593      0x26d ./Core/Src/main.o
 .debug_macro   0x00001800       0x28 ./Core/Src/main.o
 .debug_macro   0x00001828     0x2da7 ./Core/Src/main.o
 .debug_macro   0x000045cf      0x130 ./Core/Src/main.o
 .debug_macro   0x000046ff      0x344 ./Core/Src/main.o
 .debug_macro   0x00004a43      0x146 ./Core/Src/main.o
 .debug_macro   0x00004b89       0x22 ./Core/Src/main.o
 .debug_macro   0x00004bab    0x3db5e ./Core/Src/main.o
 .debug_macro   0x00042709       0x6c ./Core/Src/main.o
 .debug_macro   0x00042775     0x3486 ./Core/Src/main.o
 .debug_macro   0x00045bfb      0x190 ./Core/Src/main.o
 .debug_macro   0x00045d8b       0x61 ./Core/Src/main.o
 .debug_macro   0x00045dec       0x29 ./Core/Src/main.o
 .debug_macro   0x00045e15       0x43 ./Core/Src/main.o
 .debug_macro   0x00045e58       0x34 ./Core/Src/main.o
 .debug_macro   0x00045e8c      0x364 ./Core/Src/main.o
 .debug_macro   0x000461f0       0x16 ./Core/Src/main.o
 .debug_macro   0x00046206       0x4a ./Core/Src/main.o
 .debug_macro   0x00046250       0x34 ./Core/Src/main.o
 .debug_macro   0x00046284       0x10 ./Core/Src/main.o
 .debug_macro   0x00046294       0x58 ./Core/Src/main.o
 .debug_macro   0x000462ec       0x8e ./Core/Src/main.o
 .debug_macro   0x0004637a       0x1c ./Core/Src/main.o
 .debug_macro   0x00046396      0x17e ./Core/Src/main.o
 .debug_macro   0x00046514      0x19b ./Core/Src/main.o
 .debug_macro   0x000466af       0x72 ./Core/Src/main.o
 .debug_macro   0x00046721      0x47a ./Core/Src/main.o
 .debug_macro   0x00046b9b     0x10fe ./Core/Src/main.o
 .debug_macro   0x00047c99     0x2710 ./Core/Src/main.o
 .debug_macro   0x0004a3a9      0xfd4 ./Core/Src/main.o
 .debug_macro   0x0004b37d      0x1af ./Core/Src/main.o
 .debug_macro   0x0004b52c      0x2c9 ./Core/Src/main.o
 .debug_macro   0x0004b7f5      0x2c4 ./Core/Src/main.o
 .debug_macro   0x0004bab9      0xa36 ./Core/Src/main.o
 .debug_macro   0x0004c4ef      0x7b2 ./Core/Src/main.o
 .debug_macro   0x0004cca1       0xe4 ./Core/Src/main.o
 .debug_macro   0x0004cd85      0x216 ./Core/Src/main.o
 .debug_macro   0x0004cf9b      0xbba ./Core/Src/main.o
 .debug_macro   0x0004db55      0x17d ./Core/Src/main.o
 .debug_macro   0x0004dcd2      0x36b ./Core/Src/main.o
 .debug_macro   0x0004e03d      0x303 ./Core/Src/main.o
 .debug_macro   0x0004e340      0x46a ./Core/Src/main.o
 .debug_macro   0x0004e7aa      0x693 ./Core/Src/main.o
 .debug_macro   0x0004ee3d       0xa6 ./Core/Src/main.o
 .debug_macro   0x0004eee3      0x5df ./Core/Src/main.o
 .debug_macro   0x0004f4c2       0x16 ./Core/Src/main.o
 .debug_macro   0x0004f4d8       0x3c ./Core/Src/main.o
 .debug_macro   0x0004f514       0x20 ./Core/Src/main.o
 .debug_macro   0x0004f534      0x2b1 ./Core/Src/stm32n6xx_hal_msp.o
 .debug_macro   0x0004f7e5      0x2bb ./Core/Src/stm32n6xx_it.o
 .debug_macro   0x0004faa0      0x2aa ./Core/Src/system_stm32n6xx_ns.o
 .debug_macro   0x0004fd4a      0x2a3 ./Drivers/STM32N6xx_HAL_Driver/stm32n6xx_hal.o
 .debug_macro   0x0004ffed      0x29e ./Drivers/STM32N6xx_HAL_Driver/stm32n6xx_hal_cortex.o
 .debug_macro   0x0005028b      0x33f ./Drivers/STM32N6xx_HAL_Driver/stm32n6xx_hal_eth.o
 .debug_macro   0x000505ca      0x2f7 ./Drivers/STM32N6xx_HAL_Driver/stm32n6xx_hal_eth_ex.o
 .debug_macro   0x000508c1      0x2a4 ./Drivers/STM32N6xx_HAL_Driver/stm32n6xx_hal_gpio.o
 .debug_macro   0x00050b65      0x2eb ./Drivers/STM32N6xx_HAL_Driver/stm32n6xx_hal_pwr_ex.o
 .debug_macro   0x00050e50      0x321 ./Drivers/STM32N6xx_HAL_Driver/stm32n6xx_hal_rcc.o
 .debug_macro   0x00051171      0x29d ./Drivers/STM32N6xx_HAL_Driver/stm32n6xx_hal_rcc_ex.o

.debug_line     0x00000000    0x108ed
 .debug_line    0x00000000      0x9ab ./Core/Src/main.o
 .debug_line    0x000009ab      0x9a2 ./Core/Src/stm32n6xx_hal_msp.o
 .debug_line    0x0000134d      0x947 ./Core/Src/stm32n6xx_it.o
 .debug_line    0x00001c94      0x8b6 ./Core/Src/system_stm32n6xx_ns.o
 .debug_line    0x0000254a       0x7e ./Core/Startup/startup_stm32n657x0hxq.o
 .debug_line    0x000025c8     0x1648 ./Drivers/STM32N6xx_HAL_Driver/stm32n6xx_hal.o
 .debug_line    0x00003c10      0xf08 ./Drivers/STM32N6xx_HAL_Driver/stm32n6xx_hal_cortex.o
 .debug_line    0x00004b18     0x1e5b ./Drivers/STM32N6xx_HAL_Driver/stm32n6xx_hal_eth.o
 .debug_line    0x00006973     0x11f8 ./Drivers/STM32N6xx_HAL_Driver/stm32n6xx_hal_eth_ex.o
 .debug_line    0x00007b6b     0x1033 ./Drivers/STM32N6xx_HAL_Driver/stm32n6xx_hal_gpio.o
 .debug_line    0x00008b9e     0x1379 ./Drivers/STM32N6xx_HAL_Driver/stm32n6xx_hal_pwr_ex.o
 .debug_line    0x00009f17     0x21ac ./Drivers/STM32N6xx_HAL_Driver/stm32n6xx_hal_rcc.o
 .debug_line    0x0000c0c3     0x482a ./Drivers/STM32N6xx_HAL_Driver/stm32n6xx_hal_rcc_ex.o

.debug_str      0x00000000   0x2036f6
 .debug_str     0x00000000   0x2036f6 ./Core/Src/main.o
                             0x1fc1a0 (size before relaxing)
 .debug_str     0x002036f6   0x1fd11f ./Core/Src/stm32n6xx_hal_msp.o
 .debug_str     0x002036f6   0x1fb748 ./Core/Src/stm32n6xx_it.o
 .debug_str     0x002036f6   0x1fabb9 ./Core/Src/system_stm32n6xx_ns.o
 .debug_str     0x002036f6       0x8f ./Core/Startup/startup_stm32n657x0hxq.o
 .debug_str     0x002036f6   0x1fd17a ./Drivers/STM32N6xx_HAL_Driver/stm32n6xx_hal.o
 .debug_str     0x002036f6   0x1fbbcb ./Drivers/STM32N6xx_HAL_Driver/stm32n6xx_hal_cortex.o
 .debug_str     0x002036f6   0x1fd471 ./Drivers/STM32N6xx_HAL_Driver/stm32n6xx_hal_eth.o
 .debug_str     0x002036f6   0x1fc662 ./Drivers/STM32N6xx_HAL_Driver/stm32n6xx_hal_eth_ex.o
 .debug_str     0x002036f6   0x1fae8e ./Drivers/STM32N6xx_HAL_Driver/stm32n6xx_hal_gpio.o
 .debug_str     0x002036f6   0x1fb701 ./Drivers/STM32N6xx_HAL_Driver/stm32n6xx_hal_pwr_ex.o
 .debug_str     0x002036f6   0x1fc3d1 ./Drivers/STM32N6xx_HAL_Driver/stm32n6xx_hal_rcc.o
 .debug_str     0x002036f6   0x1fd3c6 ./Drivers/STM32N6xx_HAL_Driver/stm32n6xx_hal_rcc_ex.o

.comment        0x00000000       0x43
 .comment       0x00000000       0x43 ./Core/Src/main.o
                                 0x44 (size before relaxing)
 .comment       0x00000043       0x44 ./Core/Src/stm32n6xx_hal_msp.o
 .comment       0x00000043       0x44 ./Core/Src/stm32n6xx_it.o
 .comment       0x00000043       0x44 ./Core/Src/system_stm32n6xx_ns.o
 .comment       0x00000043       0x44 ./Drivers/STM32N6xx_HAL_Driver/stm32n6xx_hal.o
 .comment       0x00000043       0x44 ./Drivers/STM32N6xx_HAL_Driver/stm32n6xx_hal_cortex.o
 .comment       0x00000043       0x44 ./Drivers/STM32N6xx_HAL_Driver/stm32n6xx_hal_eth.o
 .comment       0x00000043       0x44 ./Drivers/STM32N6xx_HAL_Driver/stm32n6xx_hal_eth_ex.o
 .comment       0x00000043       0x44 ./Drivers/STM32N6xx_HAL_Driver/stm32n6xx_hal_gpio.o
 .comment       0x00000043       0x44 ./Drivers/STM32N6xx_HAL_Driver/stm32n6xx_hal_pwr_ex.o
 .comment       0x00000043       0x44 ./Drivers/STM32N6xx_HAL_Driver/stm32n6xx_hal_rcc.o
 .comment       0x00000043       0x44 ./Drivers/STM32N6xx_HAL_Driver/stm32n6xx_hal_rcc_ex.o

.debug_frame    0x00000000     0x5528
 .debug_frame   0x00000000       0xa8 ./Core/Src/main.o
 .debug_frame   0x000000a8       0xe4 ./Core/Src/stm32n6xx_hal_msp.o
 .debug_frame   0x0000018c       0xc8 ./Core/Src/stm32n6xx_it.o
 .debug_frame   0x00000254       0x48 ./Core/Src/system_stm32n6xx_ns.o
 .debug_frame   0x0000029c      0xe90 ./Drivers/STM32N6xx_HAL_Driver/stm32n6xx_hal.o
 .debug_frame   0x0000112c      0x524 ./Drivers/STM32N6xx_HAL_Driver/stm32n6xx_hal_cortex.o
 .debug_frame   0x00001650      0x828 ./Drivers/STM32N6xx_HAL_Driver/stm32n6xx_hal_eth.o
 .debug_frame   0x00001e78      0x4d8 ./Drivers/STM32N6xx_HAL_Driver/stm32n6xx_hal_eth_ex.o
 .debug_frame   0x00002350      0x250 ./Drivers/STM32N6xx_HAL_Driver/stm32n6xx_hal_gpio.o
 .debug_frame   0x000025a0      0x874 ./Drivers/STM32N6xx_HAL_Driver/stm32n6xx_hal_pwr_ex.o
 .debug_frame   0x00002e14      0x9d0 ./Drivers/STM32N6xx_HAL_Driver/stm32n6xx_hal_rcc.o
 .debug_frame   0x000037e4     0x1cf8 ./Drivers/STM32N6xx_HAL_Driver/stm32n6xx_hal_rcc_ex.o
 .debug_frame   0x000054dc       0x20 /Applications/STM32CubeIDE.app/Contents/Eclipse/plugins/com.st.stm32cube.ide.mcu.externaltools.gnu-tools-for-stm32.14.3.rel1.macosaarch64_1.0.0.202602081740/tools/bin/../lib/gcc/arm-none-eabi/14.3.1/../../../../arm-none-eabi/lib/thumb/v8-m.main+dp/hard/libc_nano.a(libc_a-memset.o)
 .debug_frame   0x000054fc       0x2c /Applications/STM32CubeIDE.app/Contents/Eclipse/plugins/com.st.stm32cube.ide.mcu.externaltools.gnu-tools-for-stm32.14.3.rel1.macosaarch64_1.0.0.202602081740/tools/bin/../lib/gcc/arm-none-eabi/14.3.1/../../../../arm-none-eabi/lib/thumb/v8-m.main+dp/hard/libc_nano.a(libc_a-init.o)

.debug_line_str
                0x00000000       0x73
 .debug_line_str
                0x00000000       0x73 ./Core/Startup/startup_stm32n657x0hxq.o
